I'm sorry, but errors were detected in your script. Please correct the
errors listed below, and try again.


File "game/custom/customlabels.rpy", line 9: end of line expected.
    hide screen QuickStats()  
                          ^

Ren'Py Version: Ren'Py 8.1.1.23060707
Wed Feb 21 15:33:59 2024
